// Jest Snapshot v1, https://goo.gl/fbAQLP

exports[`MyDashboardPage MyDashboardPage matches snapshot 1`] = `<DocumentFragment />`;
