// Jest Snapshot v1, https://goo.gl/fbAQLP

exports[`NewRoutinePage NewRoutinePage matches snapshot 1`] = `<DocumentFragment />`;
