// Jest Snapshot v1, https://goo.gl/fbAQLP

exports[`RoutineChecklistPage RoutineChecklistPage matches snapshot 1`] = `<DocumentFragment />`;
