// Jest Snapshot v1, https://goo.gl/fbAQLP

exports[`SignInPage SignInPage matches snapshot 1`] = `<DocumentFragment />`;
