// Jest Snapshot v1, https://goo.gl/fbAQLP

exports[`CreateAccountForm CreateAccountForm matches snapshot 1`] = `<DocumentFragment />`;
