// Jest Snapshot v1, https://goo.gl/fbAQLP

exports[`Dashboard Dashboard matches snapshot 1`] = `<DocumentFragment />`;
