// Jest Snapshot v1, https://goo.gl/fbAQLP

exports[`RoutineList RoutineList matches snapshot 1`] = `<DocumentFragment />`;
