// Jest Snapshot v1, https://goo.gl/fbAQLP

exports[`Routine Routine matches snapshot 1`] = `
<li
  class="MuiListItem-root MuiListItem-gutters MuiListItem-padding css-e4rxub-MuiListItem-root"
>
  <p
    class="MuiTypography-root MuiTypography-body1 css-vybajm-MuiTypography-root"
  />
  <div
    class="MuiBox-root css-11ze7cv"
  >
    <span
      aria-valuemax="100"
      aria-valuemin="0"
      aria-valuenow="NaN"
      class="MuiLinearProgress-root MuiLinearProgress-colorPrimary MuiLinearProgress-determinate css-ku8bnv-MuiLinearProgress-root"
      role="progressbar"
    >
      <span
        class="MuiLinearProgress-bar MuiLinearProgress-barColorPrimary MuiLinearProgress-bar1Determinate css-5xe99f-MuiLinearProgress-bar1"
        style="transform: translateX(NaN%);"
      />
    </span>
  </div>
  <button
    class="MuiButtonBase-root MuiButton-root MuiButton-outlined MuiButton-outlinedPrimary MuiButton-sizeMedium MuiButton-outlinedSizeMedium MuiButton-colorPrimary MuiButton-root MuiButton-outlined MuiButton-outlinedPrimary MuiButton-sizeMedium MuiButton-outlinedSizeMedium MuiButton-colorPrimary css-128u0p7-MuiButtonBase-root-MuiButton-root"
    tabindex="0"
    type="button"
  >
    Continue
    <span
      class="MuiTouchRipple-root css-8je8zh-MuiTouchRipple-root"
    />
  </button>
</li>
`;
