// Jest Snapshot v1, https://goo.gl/fbAQLP

exports[`SignInForm SignInForm matches snapshot 1`] = `<DocumentFragment />`;
