// Jest Snapshot v1, https://goo.gl/fbAQLP

exports[`SurveyNav SurveyNav matches snapshot 1`] = `<DocumentFragment />`;
